[0;34m● [0m💡 No copilot instructions found. Run /init to generate a copilot-instructions.md file for this[0m
[0;35m│  [0;36m╭─╮╭─╮[0m                                                                                          [0;35m│[0m
  project.[0m
[0;35m│  [0;36m╰─╯╰─╯[0m
          [0;34m● [0mEnvironment loaded: 1 MCP server[0m
[0;35m│  █ [0;32m▘▝ [0;35m█  [0mDescribe a task to get started.[0m
                                            [0;1mSelect Model[0m
[0;35m│   ▔▔▔▔[0m
[0;34m● [0m💡 No copilot instructions found. Run /init to generatChoose the AI model to use for Copilot CLI. The s[0m
elected model will be persisted and used for future     y specify session ID or task ID)           [0;35m│[0m
  project.                                              sessions.[0m
[0;34m● [0mEnvironment loaded: 1 MCP server[0m
                                                                 Some models are not available. For infor[0m
[0;7m [0mSearch models...[0m
                                                   https://github.com/settings/copilot/features[0m
  Claude Sonnet 4.6 (default)         [0;90m1x[0m
                                        [0;36m❯ Claude Sonnet 4.5                   [0;90m1x[0m
[0;90m                                        [0m  Claude Haiku 4.5                 [0;90m0.33x[0m
 Claude Sonnet 4.5                   [0;90m1x[0m
 Claude Haiku 4.5                 [0;90m0.33x[0m
 Claude Opus 4.6                     [0;90m3x[0m
 Claude Opus 4.5                     [0;90m3x[0m
 Claude Sonnet 4                     [0;90m1x[0m
 [0;32mGemini 3 Pro (Preview) ✓            [0;90m1x                                                                 [0;36m❯[0m
[0;36m GPT-5.4                             [0;90m1x[0m
[0;90m                                        [0m  GPT-5.2                             [0;90m1x[0m
[0;90m                                        [0m  GPT-5.1-Codex-Max                   [0;90m1x[0m
[0;90m                                        [0m  GPT-5.1-Codex                       [0;90m1x[0m
[0;90m                                        [0m  GPT-5.1                             [0;90m1x[0m
[0;90m                                        [0m  GPT-5.4 mini                     [0;90m0.33x[0m
[0;90m                                        [0m  GPT-5.1-Codex-Mini (Preview)     [0;90m0.33x[0m
[0;90m                                        [0m  GPT-5 mini                          [0;90m0x[0m
[0;90m                                        [0m  GPT-4.1                             [0;90m0x[0m
[0m
                                        [0;1m↑↓[0m to navigate · [0;1mEnter[0m to select · [0;1mEsc[0m to cancel[0m
[0m[39m[49m[?25h